  1/1 Core_Pass_Rate: 1.000 ━━━━━━━━━━━━━━━━━━━━━━━━━━━━━━━━━━━━ 0:01:16 0:00:00
adhoc • oracle
┏━━━━━━━┳━━━━━━━┳━━━━━━━┳━━━━━━━┳━━━━━━━┳━━━━━━━┳━━━━━━━┳━━━━━━━┳━━━━━━┳━━━━━━━┓
┃ Tria… ┃ Exce… ┃ Core… ┃ Eros… ┃ Eros… ┃ Isol… ┃ Step… ┃ Stri… ┃ Ver… ┃ Verb… ┃
┡━━━━━━━╇━━━━━━━╇━━━━━━━╇━━━━━━━╇━━━━━━━╇━━━━━━━╇━━━━━━━╇━━━━━━━╇━━━━━━╇━━━━━━━┩
│     1 │     0 │ 1.000 │ 0.670 │ 0.750 │ 1.000 │ 1.000 │ 1.000 │ 0.5… │ 0.500 │
└───────┴───────┴───────┴───────┴───────┴───────┴───────┴───────┴──────┴───────┘

┏━━━━━━━━━━━━━━━━━━━━┳━━━━━━━┓
┃ Reward             ┃ Count ┃
┡━━━━━━━━━━━━━━━━━━━━╇━━━━━━━┩
│ 1.0                │     1 │
│ 1.0                │     1 │
│ 1.0                │     1 │
│ 0.75               │     1 │
│ 1.0                │     1 │
│ 0.5                │     1 │
│ 0.5328018607645193 │     1 │
│ 0.6700199643499258 │     1 │
└────────────────────┴───────┘

Job Info
Total runtime: 1m 16s
Results written to 
/var/lib/supergoal-lab/jobs/prefix-oracle02-database_migration/result.json
Inspect results by running `harbor view /var/lib/supergoal-lab/jobs`
Share results by running `harbor upload 
/var/lib/supergoal-lab/jobs/prefix-oracle02-database_migration`

