⠋ 0/1 Running trials...                                          0:00:00 -:--:--╭───────────────────── Traceback (most recent call last) ──────────────────────╮
│ /var/lib/supergoal-lab/harbor-venv/lib/python3.13/site-packages/harbor/cli/j │
│ obs.py:1947 in start                                                         │
│                                                                              │
│   1944 │   options.apply_defaults()                                          │
│   1945 │   try:                                                              │
│   1946 │   │   config = build_job_config(**options.arguments)                │
│ ❱ 1947 │   │   return _execute_job(                                          │
│   1948 │   │   │   config,                                                   │
│   1949 │   │   │   diff_sources=options.arguments["diff_sources"],           │
│   1950 │   │   │   print_config=options.arguments["print_config"],           │
│                                                                              │
│ /var/lib/supergoal-lab/harbor-venv/lib/python3.13/site-packages/harbor/cli/j │
│ obs.py:2266 in _execute_job                                                  │
│                                                                              │
│   2263 │   # (when --upload is set) so everything stays on one event loop.   │
│        See                                                                   │
│   2264 │   # the long comment in `HarborHubUploadPlugin.on_job_end` for why  │
│        this matters.                                                         │
│   2265 │   try:                                                              │
│ ❱ 2266 │   │   job, job_result = run_async(_run_job())                       │
│   2267 │   except DATASET_RESOLUTION_ERRORS as exc:                          │
│   2268 │   │   abort_dataset_resolution(console, exc, "No job was started.") │
│   2269                                                                       │
│                                                                              │
│ /var/lib/supergoal-lab/harbor-venv/lib/python3.13/site-packages/harbor/cli/u │
│ tils.py:111 in run_async                                                     │
│                                                                              │
│   108 │   │   return asyncio.run(                                            │
│   109 │   │   │   with_async_cleanup(coro),                                  │
│       loop_factory=asyncio.ProactorEventLoop                                 │
│   110 │   │   )                                                              │
│ ❱ 111 │   return asyncio.run(with_async_cleanup(coro))                       │
│   112                                                                        │
│   113                                                                        │
│   114 def parse_kwargs(kwargs_list: list[str] | None) -> dict[str, Any]:     │
│                                                                              │
│ /var/lib/supergoal-lab/python/cpython-3.13.5-linux-x86_64-gnu/lib/python3.13 │
│ /asyncio/runners.py:195 in run                                               │
│                                                                              │
│   192 │   │   │   "asyncio.run() cannot be called from a running event       │
│       loop")                                                                 │
│   193 │                                                                      │
│   194 │   with Runner(debug=debug, loop_factory=loop_factory) as runner:     │
│ ❱ 195 │   │   return runner.run(main)                                        │
│   196                                                                        │
│   197                                                                        │
│   198 def _cancel_all_tasks(loop):                                           │
│                                                                              │
│ /var/lib/supergoal-lab/python/cpython-3.13.5-linux-x86_64-gnu/lib/python3.13 │
│ /asyncio/runners.py:118 in run                                               │
│                                                                              │
│   115 │   │                                                                  │
│   116 │   │   self._interrupt_count = 0                                      │
│   117 │   │   try:                                                           │
│ ❱ 118 │   │   │   return self._loop.run_until_complete(task)                 │
│   119 │   │   except exceptions.CancelledError:                              │
│   120 │   │   │   if self._interrupt_count > 0:                              │
│   121 │   │   │   │   uncancel = getattr(task, "uncancel", None)             │
│                                                                              │
│ /var/lib/supergoal-lab/python/cpython-3.13.5-linux-x86_64-gnu/lib/python3.13 │
│ /asyncio/base_events.py:725 in run_until_complete                            │
│                                                                              │
│    722 │   │   if not future.done():                                         │
│    723 │   │   │   raise RuntimeError('Event loop stopped before Future      │
│        completed.')                                                          │
│    724 │   │                                                                 │
│ ❱  725 │   │   return future.result()                                        │
│    726 │                                                                     │
│    727 │   def stop(self):                                                   │
│    728 │   │   """Stop running the event loop.                               │
│                                                                              │
│ /var/lib/supergoal-lab/harbor-venv/lib/python3.13/site-packages/harbor/utils │
│ /async_cleanup.py:20 in with_async_cleanup                                   │
│                                                                              │
│   17 │   async with AsyncExitStack() as stack:                               │
│   18 │   │   token = _exit_stack.set(stack)                                  │
│   19 │   │   try:                                                            │
│ ❱ 20 │   │   │   return await coro                                           │
│   21 │   │   finally:                                                        │
│   22 │   │   │   _exit_stack.reset(token)                                    │
│   23                                                                         │
│                                                                              │
│ /var/lib/supergoal-lab/harbor-venv/lib/python3.13/site-packages/harbor/cli/j │
│ obs.py:2223 in _run_job                                                      │
│                                                                              │
│   2220 │   │   │   )                                                         │
│   2221 │   │   │   await hub_plugin.on_job_start(job)                        │
│   2222 │   │                                                                 │
│ ❱ 2223 │   │   job_result = await job.run()                                  │
│   2224 │   │                                                                 │
│   2225 │   │   # Print the run summary BEFORE plugin and Harbor Hub finalize │
│        so users                                                              │
│   2226 │   │   # see results even if downstream operations fail.             │
│                                                                              │
│ /var/lib/supergoal-lab/harbor-venv/lib/python3.13/site-packages/harbor/job.p │
│ y:1076 in run                                                                │
│                                                                              │
│   1073 │   │   │   │   │   │   completed=n_existing,                         │
│   1074 │   │   │   │   │   )                                                 │
│   1075 │   │   │   │   │                                                     │
│ ❱ 1076 │   │   │   │   │   trial_results = await                             │
│        self._run_trials_with_queue(                                          │
│   1077 │   │   │   │   │   │   loading_progress, progress_task,              │
│        running_progress                                                      │
│   1078 │   │   │   │   │   )                                                 │
│   1079                                                                       │
│                                                                              │
│ /var/lib/supergoal-lab/harbor-venv/lib/python3.13/site-packages/harbor/job.p │
│ y:1226 in _run_trials_with_queue                                             │
│                                                                              │
│   1223 │   │                                                                 │
│   1224 │   │   coros =                                                       │
│        self._trial_queue.submit_batch(self._remaining_trial_configs)         │
│   1225 │   │                                                                 │
│ ❱ 1226 │   │   async with asyncio.TaskGroup() as tg:                         │
│   1227 │   │   │   tasks = [tg.create_task(coro) for coro in coros]          │
│   1228 │   │                                                                 │
│   1229 │   │   return [t.result() for t in tasks]                            │
│                                                                              │
│ /var/lib/supergoal-lab/python/cpython-3.13.5-linux-x86_64-gnu/lib/python3.13 │
│ /asyncio/taskgroups.py:71 in __aexit__                                       │
│                                                                              │
│    68 │   async def __aexit__(self, et, exc, tb):                            │
│    69 │   │   tb = None                                                      │
│    70 │   │   try:                                                           │
│ ❱  71 │   │   │   return await self._aexit(et, exc)                          │
│    72 │   │   finally:                                                       │
│    73 │   │   │   # Exceptions are heavy objects that can have object        │
│    74 │   │   │   # cycles (bad for GC); let's not keep a reference to       │
│                                                                              │
│ /var/lib/supergoal-lab/python/cpython-3.13.5-linux-x86_64-gnu/lib/python3.13 │
│ /asyncio/taskgroups.py:173 in _aexit                                         │
│                                                                              │
│   170 │   │   │   │   self._parent_task.uncancel()                           │
│   171 │   │   │   │   self._parent_task.cancel()                             │
│   172 │   │   │   try:                                                       │
│ ❱ 173 │   │   │   │   raise BaseExceptionGroup(                              │
│   174 │   │   │   │   │   'unhandled errors in a TaskGroup',                 │
│   175 │   │   │   │   │   self._errors,                                      │
│   176 │   │   │   │   ) from None                                            │
╰──────────────────────────────────────────────────────────────────────────────╯
ExceptionGroup: unhandled errors in a TaskGroup (1 sub-exception)

╭────────────────────────────── Sub-exception #1 ──────────────────────────────╮
│ ╭─────────────────── Traceback (most recent call last) ────────────────────╮ │
│ │ /var/lib/supergoal-lab/harbor-venv/lib/python3.13/site-packages/harbor/t │ │
│ │ rial/queue.py:242 in _run_trial                                          │ │
│ │                                                                          │ │
│ │   239 │   async def _run_trial(self, trial_config: TrialConfig) ->       │ │
│ │       TrialResult:                                                       │ │
│ │   240 │   │   """Execute a single trial, acquiring the semaphore for     │ │
│ │       concurrency control."""                                            │ │
│ │   241 │   │   async with self._semaphore:                                │ │
│ │ ❱ 242 │   │   │   return await                                           │ │
│ │       self._execute_trial_with_retries(trial_config)                     │ │
│ │   243 │                                                                  │ │
│ │   244 │   def submit(self, trial_config: TrialConfig) -> Coroutine[Any,  │ │
│ │       Any, TrialResult]:                                                 │ │
│ │   245 │   │   """                                                        │ │
│ │                                                                          │ │
│ │ /var/lib/supergoal-lab/harbor-venv/lib/python3.13/site-packages/harbor/t │ │
│ │ rial/queue.py:201 in _execute_trial_with_retries                         │ │
│ │                                                                          │ │
│ │   198 │   │   from harbor.trial.trial import Trial                       │ │
│ │   199 │   │                                                              │ │
│ │   200 │   │   for attempt in range(self._retry_config.max_retries + 1):  │ │
│ │ ❱ 201 │   │   │   trial = await Trial.create(trial_config)               │ │
│ │   202 │   │   │   self._setup_hooks(trial)                               │ │
│ │   203 │   │   │   result = await trial.run()                             │ │
│ │   204                                                                    │ │
│ │                                                                          │ │
│ │ /var/lib/supergoal-lab/harbor-venv/lib/python3.13/site-packages/harbor/t │ │
│ │ rial/trial.py:401 in create                                              │ │
│ │                                                                          │ │
│ │    398 │   │   if task.has_steps:                                        │ │
│ │    399 │   │   │   from harbor.trial.multi_step import MultiStepTrial    │ │
│ │    400 │   │   │                                                         │ │
│ │ ❱  401 │   │   │   trial = MultiStepTrial(                               │ │
│ │    402 │   │   │   │   config,                                           │ │
│ │    403 │   │   │   │   _task=task,                                       │ │
│ │    404 │   │   │   │   _task_download_result=task_download_result,       │ │
│ │                                                                          │ │
│ │ /var/lib/supergoal-lab/harbor-venv/lib/python3.13/site-packages/harbor/t │ │
│ │ rial/multi_step.py:40 in __init__                                        │ │
│ │                                                                          │ │
│ │    37 │   │   │   raise ValueError(                                      │ │
│ │    38 │   │   │   │   "User-agent bridge trials are not supported for    │ │
│ │       multi-step tasks."                                                 │ │
│ │    39 │   │   │   )                                                      │ │
│ │ ❱  40 │   │   super().__init__(                                          │ │
│ │    41 │   │   │   config,                                                │ │
│ │    42 │   │   │   _task=_task,                                           │ │
│ │    43 │   │   │   _task_download_result=_task_download_result,           │ │
│ │                                                                          │ │
│ │ /var/lib/supergoal-lab/harbor-venv/lib/python3.13/site-packages/harbor/t │ │
│ │ rial/trial.py:199 in __init__                                            │ │
│ │                                                                          │ │
│ │    196 │   │   try:                                                      │ │
│ │    197 │   │   │   self._init_logger()                                   │ │
│ │    198 │   │   │   self._init_timeouts()                                 │ │
│ │ ❱  199 │   │   │   self._init_agent()                                    │ │
│ │    200 │   │   │   self._init_user_agent()                               │ │
│ │    201 │   │   │   self._init_agent_environment()                        │ │
│ │    202 │   │   │   self._init_artifact_handler()                         │ │
│ │                                                                          │ │
│ │ /var/lib/supergoal-lab/harbor-venv/lib/python3.13/site-packages/harbor/t │ │
│ │ rial/trial.py:1196 in _init_agent                                        │ │
│ │                                                                          │ │
│ │   1193 │   │   if self._load_trajectory is not None:                     │ │
│ │   1194 │   │   │   extra_kwargs["load_trajectory"] =                     │ │
│ │        str(self._load_trajectory)                                        │ │
│ │   1195 │   │                                                             │ │
│ │ ❱ 1196 │   │   self.agent = AgentFactory.create_agent_from_config(       │ │
│ │   1197 │   │   │   self.config.agent,                                    │ │
│ │   1198 │   │   │   logs_dir=self.paths.agent_dir,                        │ │
│ │   1199 │   │   │   logger=self.logger,                                   │ │
│ │                                                                          │ │
│ │ /var/lib/supergoal-lab/harbor-venv/lib/python3.13/site-packages/harbor/a │ │
│ │ gents/factory.py:251 in create_agent_from_config                         │ │
│ │                                                                          │ │
│ │   248 │   │   │   │   **_constructor_kwargs(config, kwargs),             │ │
│ │   249 │   │   │   )                                                      │ │
│ │   250 │   │   elif import_path is not None:                              │ │
│ │ ❱ 251 │   │   │   return cls.create_agent_from_import_path(              │ │
│ │   252 │   │   │   │   import_path,                                       │ │
│ │   253 │   │   │   │   logs_dir=logs_dir,                                 │ │
│ │   254 │   │   │   │   model_name=config.model_name,                      │ │
│ │                                                                          │ │
│ │ /var/lib/supergoal-lab/harbor-venv/lib/python3.13/site-packages/harbor/a │ │
│ │ gents/factory.py:196 in create_agent_from_import_path                    │ │
│ │                                                                          │ │
│ │   193 │   │   │   ValueError: If the import path is invalid.             │ │
│ │   194 │   │   """                                                        │ │
│ │   195 │   │   agent_class = _import_agent_class(import_path)             │ │
│ │ ❱ 196 │   │   return agent_class(logs_dir=logs_dir,                      │ │
│ │       model_name=model_name, **kwargs)                                   │ │
│ │   197 │                                                                  │ │
│ │   198 │   @classmethod                                                   │ │
│ │   199 │   def create_agent_from_config(                                  │ │
│ │                                                                          │ │
│ │ /var/lib/supergoal-lab/candidates/prefix-dev01/experiments/public_benchm │ │
│ │ arks/prefix_agent.py:75 in __init__                                      │ │
│ │                                                                          │ │
│ │   72 │   │   self.prefix_spec, _ = load_prefix(prefix_path,              │ │
│ │      prefix_sha256)                                                      │ │
│ │   73 │   │   self.prefix_sha256 = prefix_sha256                          │ │
│ │   74 │   │   self.docker_host = 'unix://' + str(ROOT /                   │ │
│ │      'run/docker.sock')                                                  │ │
│ │ ❱ 75 │   │   super().__init__(*args, **kwargs)                           │ │
│ │   76 │                                                                   │ │
│ │   77 │   async def docker(self, *args, **kwargs):                        │ │
│ │   78 │   │   return await HermesSupergoalStudy.docker(self, *args,       │ │
│ │      **kwargs)                                                           │ │
│ ╰──────────────────────────────────────────────────────────────────────────╯ │
│ TypeError: OracleAgent.__init__() missing 2 required positional arguments:   │
│ 'task_dir' and 'trial_paths'                                                 │
╰──────────────────────────────────────────────────────────────────────────────╯
