  1/1 Core_Pass_Rate: 1.000 ━━━━━━━━━━━━━━━━━━━━━━━━━━━━━━━━━━━━ 0:01:02 0:00:00
adhoc • oracle
┏━━━━━━━┳━━━━━━━┳━━━━━━━┳━━━━━━━┳━━━━━━━┳━━━━━━━┳━━━━━━━┳━━━━━━━┳━━━━━━┳━━━━━━━┓
┃ Tria… ┃ Exce… ┃ Core… ┃ Eros… ┃ Eros… ┃ Isol… ┃ Step… ┃ Stri… ┃ Ver… ┃ Verb… ┃
┡━━━━━━━╇━━━━━━━╇━━━━━━━╇━━━━━━━╇━━━━━━━╇━━━━━━━╇━━━━━━━╇━━━━━━━╇━━━━━━╇━━━━━━━┩
│     1 │     0 │ 1.000 │ 0.621 │ 0.667 │ 1.000 │ 1.000 │ 1.000 │ 0.2… │ 0.000 │
└───────┴───────┴───────┴───────┴───────┴───────┴───────┴───────┴──────┴───────┘

┏━━━━━━━━━━━━━━━━━━━━━┳━━━━━━━┓
┃ Reward              ┃ Count ┃
┡━━━━━━━━━━━━━━━━━━━━━╇━━━━━━━┩
│ 0.0                 │     1 │
│ 1.0                 │     1 │
│ 1.0                 │     1 │
│ 0.6666666666666666  │     1 │
│ 0.6205486253877864  │     1 │
│ 1.0                 │     1 │
│ 0.23136915676877887 │     1 │
│ 1.0                 │     1 │
└─────────────────────┴───────┘

Job Info
Total runtime: 1m 2s
Results written to 
/var/lib/supergoal-lab/jobs/prefix-oracle02-file_backup/result.json
Inspect results by running `harbor view /var/lib/supergoal-lab/jobs`
Share results by running `harbor upload 
/var/lib/supergoal-lab/jobs/prefix-oracle02-file_backup`

